Component: ARM Compiler 5.06 update 6 (build 750) Tool: armlink [4d35ed]

==============================================================================

Section Cross References

    test.o(i.hw_module_init) refers to ili9341a.o(i.ili9341_init) for ili9341_init
    test.o(i.hw_module_init) refers to usart.o(i.usart_init) for usart_init
    test.o(i.hw_module_init) refers to timers.o(i.timers_init) for timers_init
    test.o(i.hw_module_init) refers to key.o(i.key_gpio_init) for key_gpio_init
    test.o(i.main) refers to test.o(i.hw_module_init) for hw_module_init
    test.o(i.main) refers to test.o(i.sw_module_init) for sw_module_init
    test.o(i.main) refers to key_controller.o(i.key_event_doing) for key_event_doing
    test.o(i.main) refers to display_controller.o(i.display_flush) for display_flush
    test.o(i.main) refers to display_controller.o(i.tft_flush) for tft_flush
    test.o(i.main) refers to display.o(.bss) for display_buf
    test.o(i.sw_module_init) refers to display_controller.o(i.widget_size_init) for widget_size_init
    test.o(i.sw_module_init) refers to key_controller.o(i.key_function_init) for key_function_init
    test.o(i.sw_module_init) refers to display_controller.o(i.tft_clear) for tft_clear
    test.o(i.sw_module_init) refers to regulator.o(i.digit_lr_move) for digit_lr_move
    led.o(i.led1_breath) refers to led.o(i.led1_breath_period) for led1_breath_period
    led.o(i.led1_breath_period) refers to stm32f4xx_gpio.o(i.GPIO_ResetBits) for GPIO_ResetBits
    led.o(i.led1_breath_period) refers to stm32f4xx_gpio.o(i.GPIO_SetBits) for GPIO_SetBits
    led.o(i.led1_gpio_init) refers to stm32f4xx_rcc.o(i.RCC_AHB1PeriphClockCmd) for RCC_AHB1PeriphClockCmd
    led.o(i.led1_gpio_init) refers to stm32f4xx_gpio.o(i.GPIO_Init) for GPIO_Init
    led.o(i.led1_twink) refers to stm32f4xx_gpio.o(i.GPIO_ResetBits) for GPIO_ResetBits
    led.o(i.led1_twink) refers to time.o(i.sleep_ms) for sleep_ms
    led.o(i.led1_twink) refers to stm32f4xx_gpio.o(i.GPIO_SetBits) for GPIO_SetBits
    led.o(i.led2_breath) refers to led.o(i.led2_breath_period) for led2_breath_period
    led.o(i.led2_breath_period) refers to stm32f4xx_gpio.o(i.GPIO_ResetBits) for GPIO_ResetBits
    led.o(i.led2_breath_period) refers to stm32f4xx_gpio.o(i.GPIO_SetBits) for GPIO_SetBits
    led.o(i.led2_gpio_init) refers to stm32f4xx_rcc.o(i.RCC_AHB1PeriphClockCmd) for RCC_AHB1PeriphClockCmd
    led.o(i.led2_gpio_init) refers to stm32f4xx_gpio.o(i.GPIO_Init) for GPIO_Init
    led.o(i.led2_twink) refers to stm32f4xx_gpio.o(i.GPIO_ResetBits) for GPIO_ResetBits
    led.o(i.led2_twink) refers to time.o(i.sleep_ms) for sleep_ms
    led.o(i.led2_twink) refers to stm32f4xx_gpio.o(i.GPIO_SetBits) for GPIO_SetBits
    nvic.o(i.nvic_init) refers to misc.o(i.NVIC_PriorityGroupConfig) for NVIC_PriorityGroupConfig
    nvic.o(i.nvic_init) refers to misc.o(i.NVIC_Init) for NVIC_Init
    timers.o(i.TIM6_DAC_IRQHandler) refers to stm32f4xx_tim.o(i.TIM_GetITStatus) for TIM_GetITStatus
    timers.o(i.TIM6_DAC_IRQHandler) refers to stm32f4xx_tim.o(i.TIM_ClearITPendingBit) for TIM_ClearITPendingBit
    timers.o(i.timers_init) refers to nvic.o(i.nvic_init) for nvic_init
    timers.o(i.timers_init) refers to timers.o(i.timers_model_init) for timers_model_init
    timers.o(i.timers_model_init) refers to stm32f4xx_rcc.o(i.RCC_APB1PeriphClockCmd) for RCC_APB1PeriphClockCmd
    timers.o(i.timers_model_init) refers to stm32f4xx_tim.o(i.TIM_TimeBaseInit) for TIM_TimeBaseInit
    timers.o(i.timers_model_init) refers to stm32f4xx_tim.o(i.TIM_ClearFlag) for TIM_ClearFlag
    timers.o(i.timers_model_init) refers to stm32f4xx_tim.o(i.TIM_ITConfig) for TIM_ITConfig
    timers.o(i.timers_model_init) refers to stm32f4xx_tim.o(i.TIM_Cmd) for TIM_Cmd
    ili9341a.o(i.display_position) refers to ili9341a.o(i.ili9341_write_command) for ili9341_write_command
    ili9341a.o(i.display_position) refers to ili9341a.o(i.ili9341_write_data) for ili9341_write_data
    ili9341a.o(i.ili9341_backlight) refers to stm32f4xx_gpio.o(i.GPIO_ResetBits) for GPIO_ResetBits
    ili9341a.o(i.ili9341_backlight) refers to stm32f4xx_gpio.o(i.GPIO_SetBits) for GPIO_SetBits
    ili9341a.o(i.ili9341_direction) refers to ili9341a.o(i.ili9341_write_command) for ili9341_write_command
    ili9341a.o(i.ili9341_direction) refers to ili9341a.o(i.ili9341_write_data) for ili9341_write_data
    ili9341a.o(i.ili9341_display_region) refers to ili9341a.o(i.ili9341_write_command) for ili9341_write_command
    ili9341a.o(i.ili9341_display_region) refers to ili9341a.o(i.ili9341_write_data) for ili9341_write_data
    ili9341a.o(i.ili9341_fsmc_init) refers to stm32f4xx_rcc.o(i.RCC_AHB3PeriphClockCmd) for RCC_AHB3PeriphClockCmd
    ili9341a.o(i.ili9341_fsmc_init) refers to stm32f4xx_fsmc.o(i.FSMC_NORSRAMInit) for FSMC_NORSRAMInit
    ili9341a.o(i.ili9341_fsmc_init) refers to stm32f4xx_fsmc.o(i.FSMC_NORSRAMCmd) for FSMC_NORSRAMCmd
[...]
    __main                                   0x08000189   Thumb Code     0  entry.o(.ARM.Collect$$$$00000000)
    _main_stk                                0x08000189   Thumb Code     0  entry2.o(.ARM.Collect$$$$00000001)
    _main_scatterload                        0x0800018d   Thumb Code     0  entry5.o(.ARM.Collect$$$$00000004)
    __main_after_scatterload                 0x08000191   Thumb Code     0  entry5.o(.ARM.Collect$$$$00000004)
    _main_clock                              0x08000191   Thumb Code     0  entry7b.o(.ARM.Collect$$$$00000008)
    _main_cpp_init                           0x08000191   Thumb Code     0  entry8b.o(.ARM.Collect$$$$0000000A)
    _main_init                               0x08000191   Thumb Code     0  entry9a.o(.ARM.Collect$$$$0000000B)
    __rt_final_cpp                           0x08000199   Thumb Code     0  entry10a.o(.ARM.Collect$$$$0000000D)
    __rt_final_exit                          0x08000199   Thumb Code     0  entry11a.o(.ARM.Collect$$$$0000000F)
    Reset_Handler                            0x0800019d   Thumb Code     8  startup_stm32f40_41xxx.o(.text)
    NMI_Handler                              0x080001a5   Thumb Code     2  startup_stm32f40_41xxx.o(.text)
    HardFault_Handler                        0x080001a7   Thumb Code     2  startup_stm32f40_41xxx.o(.text)
    MemManage_Handler                        0x080001a9   Thumb Code     2  startup_stm32f40_41xxx.o(.text)
    BusFault_Handler                         0x080001ab   Thumb Code     2  startup_stm32f40_41xxx.o(.text)
    UsageFault_Handler                       0x080001ad   Thumb Code     2  startup_stm32f40_41xxx.o(.text)
    SVC_Handler                              0x080001af   Thumb Code     2  startup_stm32f40_41xxx.o(.text)
    DebugMon_Handler                         0x080001b1   Thumb Code     2  startup_stm32f40_41xxx.o(.text)
    PendSV_Handler                           0x080001b3   Thumb Code     2  startup_stm32f40_41xxx.o(.text)
    SysTick_Handler                          0x080001b5   Thumb Code     2  startup_stm32f40_41xxx.o(.text)
    ADC_IRQHandler                           0x080001b7   Thumb Code     0  startup_stm32f40_41xxx.o(.text)
    CAN1_RX0_IRQHandler                      0x080001b7   Thumb Code     0  startup_stm32f40_41xxx.o(.text)
    CAN1_RX1_IRQHandler                      0x080001b7   Thumb Code     0  startup_stm32f40_41xxx.o(.text)
    CAN1_SCE_IRQHandler                      0x080001b7   Thumb Code     0  startup_stm32f40_41xxx.o(.text)
    CAN1_TX_IRQHandler                       0x080001b7   Thumb Code     0  startup_stm32f40_41xxx.o(.text)
    CAN2_RX0_IRQHandler                      0x080001b7   Thumb Code     0  startup_stm32f40_41xxx.o(.text)
    CAN2_RX1_IRQHandler                      0x080001b7   Thumb Code     0  startup_stm32f40_41xxx.o(.text)
    CAN2_SCE_IRQHandler                      0x080001b7   Thumb Code     0  startup_stm32f40_41xxx.o(.text)
    CAN2_TX_IRQHandler                       0x080001b7   Thumb Code     0  startup_stm32f40_41xxx.o(.text)
    CRYP_IRQHandler                          0x080001b7   Thumb Code     0  startup_stm32f40_41xxx.o(.text)
    DCMI_IRQHandler                          0x080001b7   Thumb Code     0  startup_stm32f40_41xxx.o(.text)
    DMA1_Stream0_IRQHandler                  0x080001b7   Thumb Code     0  startup_stm32f40_41xxx.o(.text)
    DMA1_Stream1_IRQHandler                  0x080001b7   Thumb Code     0  startup_stm32f40_41xxx.o(.text)
    DMA1_Stream2_IRQHandler                  0x080001b7   Thumb Code     0  startup_stm32f40_41xxx.o(.text)
    DMA1_Stream3_IRQHandler                  0x080001b7   Thumb Code     0  startup_stm32f40_41xxx.o(.text)
    DMA1_Stream4_IRQHandler                  0x080001b7   Thumb Code     0  startup_stm32f40_41xxx.o(.text)
    DMA1_Stream5_IRQHandler                  0x080001b7   Thumb Code     0  startup_stm32f40_41xxx.o(.text)
    DMA1_Stream6_IRQHandler                  0x080001b7   Thumb Code     0  startup_stm32f40_41xxx.o(.text)
    DMA1_Stream7_IRQHandler                  0x080001b7   Thumb Code     0  startup_stm32f40_41xxx.o(.text)
    DMA2_Stream0_IRQHandler                  0x080001b7   Thumb Code     0  startup_stm32f40_41xxx.o(.text)
    DMA2_Stream1_IRQHandler                  0x080001b7   Thumb Code     0  startup_stm32f40_41xxx.o(.text)
    DMA2_Stream2_IRQHandler                  0x080001b7   Thumb Code     0  startup_stm32f40_41xxx.o(.text)
    DMA2_Stream3_IRQHandler                  0x080001b7   Thumb Code     0  startup_stm32f40_41xxx.o(.text)
    DMA2_Stream4_IRQHandler                  0x080001b7   Thumb Code     0  startup_stm32f40_41xxx.o(.text)
    DMA2_Stream5_IRQHandler                  0x080001b7   Thumb Code     0  startup_stm32f40_41xxx.o(.text)
    DMA2_Stream6_IRQHandler                  0x080001b7   Thumb Code     0  startup_stm32f40_41xxx.o(.text)
    DMA2_Stream7_IRQHandler                  0x080001b7   Thumb Code     0  startup_stm32f40_41xxx.o(.text)
    ETH_IRQHandler                           0x080001b7   Thumb Code     0  startup_stm32f40_41xxx.o(.text)
    ETH_WKUP_IRQHandler                      0x080001b7   Thumb Code     0  startup_stm32f40_41xxx.o(.text)
    EXTI0_IRQHandler                         0x080001b7   Thumb Code     0  startup_stm32f40_41xxx.o(.text)
    EXTI15_10_IRQHandler                     0x080001b7   Thumb Code     0  startup_stm32f40_41xxx.o(.text)
    EXTI1_IRQHandler                         0x080001b7   Thumb Code     0  startup_stm32f40_41xxx.o(.text)
    EXTI2_IRQHandler                         0x080001b7   Thumb Code     0  startup_stm32f40_41xxx.o(.text)
    EXTI3_IRQHandler                         0x080001b7   Thumb Code     0  startup_stm32f40_41xxx.o(.text)
    EXTI4_IRQHandler                         0x080001b7   Thumb Code     0  startup_stm32f40_41xxx.o(.text)
    EXTI9_5_IRQHandler                       0x080001b7   Thumb Code     0  startup_stm32f40_41xxx.o(.text)
    FLASH_IRQHandler                         0x080001b7   Thumb Code     0  startup_stm32f40_41xxx.o(.text)
    FPU_IRQHandler                           0x080001b7   Thumb Code     0  startup_stm32f40_41xxx.o(.text)
    FSMC_IRQHandler                          0x080001b7   Thumb Code     0  startup_stm32f40_41xxx.o(.text)
    HASH_RNG_IRQHandler                      0x080001b7   Thumb Code     0  startup_stm32f40_41xxx.o(.text)
    I2C1_ER_IRQHandler                       0x080001b7   Thumb Code     0  startup_stm32f40_41xxx.o(.text)
    I2C1_EV_IRQHandler                       0x080001b7   Thumb Code     0  startup_stm32f40_41xxx.o(.text)
    I2C2_ER_IRQHandler                       0x080001b7   Thumb Code     0  startup_stm32f40_41xxx.o(.text)
    I2C2_EV_IRQHandler                       0x080001b7   Thumb Code     0  startup_stm32f40_41xxx.o(.text)
    I2C3_ER_IRQHandler                       0x080001b7   Thumb Code     0  startup_stm32f40_41xxx.o(.text)
    I2C3_EV_IRQHandler                       0x080001b7   Thumb Code     0  startup_stm32f40_41xxx.o(.text)
    OTG_FS_IRQHandler                        0x080001b7   Thumb Code     0  startup_stm32f40_41xxx.o(.text)
    OTG_FS_WKUP_IRQHandler                   0x080001b7   Thumb Code     0  startup_stm32f40_41xxx.o(.text)
    OTG_HS_EP1_IN_IRQHandler                 0x080001b7   Thumb Code     0  startup_stm32f40_41xxx.o(.text)
    OTG_HS_EP1_OUT_IRQHandler                0x080001b7   Thumb Code     0  startup_stm32f40_41xxx.o(.text)
    OTG_HS_IRQHandler                        0x080001b7   Thumb Code     0  startup_stm32f40_41xxx.o(.text)
    OTG_HS_WKUP_IRQHandler                   0x080001b7   Thumb Code     0  startup_stm32f40_41xxx.o(.text)
    PVD_IRQHandler                           0x080001b7   Thumb Code     0  startup_stm32f40_41xxx.o(.text)
    RCC_IRQHandler                           0x080001b7   Thumb Code     0  startup_stm32f40_41xxx.o(.text)
    RTC_Alarm_IRQHandler                     0x080001b7   Thumb Code     0  startup_stm32f40_41xxx.o(.text)
    RTC_WKUP_IRQHandler                      0x080001b7   Thumb Code     0  startup_stm32f40_41xxx.o(.text)
    SDIO_IRQHandler                          0x080001b7   Thumb Code     0  startup_stm32f40_41xxx.o(.text)
    SPI1_IRQHandler                          0x080001b7   Thumb Code     0  startup_stm32f40_41xxx.o(.text)
    SPI2_IRQHandler                          0x080001b7   Thumb Code     0  startup_stm32f40_41xxx.o(.text)
    SPI3_IRQHandler                          0x080001b7   Thumb Code     0  startup_stm32f40_41xxx.o(.text)
    TAMP_STAMP_IRQHandler                    0x080001b7   Thumb Code     0  startup_stm32f40_41xxx.o(.text)
    TIM1_BRK_TIM9_IRQHandler                 0x080001b7   Thumb Code     0  startup_stm32f40_41xxx.o(.text)
    TIM1_CC_IRQHandler                       0x080001b7   Thumb Code     0  startup_stm32f40_41xxx.o(.text)
    TIM1_TRG_COM_TIM11_IRQHandler            0x080001b7   Thumb Code     0  startup_stm32f40_41xxx.o(.text)
    TIM1_UP_TIM10_IRQHandler                 0x080001b7   Thumb Code     0  startup_stm32f40_41xxx.o(.text)
    TIM2_IRQHandler                          0x080001b7   Thumb Code     0  startup_stm32f40_41xxx.o(.text)
    TIM3_IRQHandler                          0x080001b7   Thumb Code     0  startup_stm32f40_41xxx.o(.text)
    TIM4_IRQHandler                          0x080001b7   Thumb Code     0  startup_stm32f40_41xxx.o(.text)
    TIM5_IRQHandler                          0x080001b7   Thumb Code     0  startup_stm32f40_41xxx.o(.text)
    TIM7_IRQHandler                          0x080001b7   Thumb Code     0  startup_stm32f40_41xxx.o(.text)
    TIM8_BRK_TIM12_IRQHandler                0x080001b7   Thumb Code     0  startup_stm32f40_41xxx.o(.text)
    TIM8_CC_IRQHandler                       0x080001b7   Thumb Code     0  startup_stm32f40_41xxx.o(.text)
    TIM8_TRG_COM_TIM14_IRQHandler            0x080001b7   Thumb Code     0  startup_stm32f40_41xxx.o(.text)
    TIM8_UP_TIM13_IRQHandler                 0x080001b7   Thumb Code     0  startup_stm32f40_41xxx.o(.text)
    UART4_IRQHandler                         0x080001b7   Thumb Code     0  startup_stm32f40_41xxx.o(.text)
    UART5_IRQHandler                         0x080001b7   Thumb Code     0  startup_stm32f40_41xxx.o(.text)
    USART2_IRQHandler                        0x080001b7   Thumb Code     0  startup_stm32f40_41xxx.o(.text)
    USART3_IRQHandler                        0x080001b7   Thumb Code     0  startup_stm32f40_41xxx.o(.text)
    USART6_IRQHandler                        0x080001b7   Thumb Code     0  startup_stm32f40_41xxx.o(.text)
    WWDG_IRQHandler                          0x080001b7   Thumb Code     0  startup_stm32f40_41xxx.o(.text)
    __aeabi_memset                           0x080001c1   Thumb Code    14  memseta.o(.text)
    __aeabi_memset4                          0x080001c1   Thumb Code     0  memseta.o(.text)
    __aeabi_memset8                          0x080001c1   Thumb Code     0  memseta.o(.text)
    __aeabi_memclr                           0x080001cf   Thumb Code     4  memseta.o(.text)
    __aeabi_memclr4                          0x080001cf   Thumb Code     0  memseta.o(.text)
    __aeabi_memclr8                          0x080001cf   Thumb Code     0  memseta.o(.text)
    _memset$wrapper                          0x080001d3   Thumb Code    18  memseta.o(.text)
    strlen                                   0x080001e5   Thumb Code    14  strlen.o(.text)
    strcpy                                   0x080001f3   Thumb Code    18  strcpy.o(.text)
    __aeabi_dadd                             0x08000205   Thumb Code   322  dadd.o(.text)
    __aeabi_dsub                             0x08000347   Thumb Code     6  dadd.o(.text)
    __aeabi_drsub                            0x0800034d   Thumb Code     6  dadd.o(.text)
    __aeabi_dmul                             0x08000353   Thumb Code   228  dmul.o(.text)
    __aeabi_ddiv                             0x08000437   Thumb Code   222  ddiv.o(.text)
    __aeabi_i2d                              0x08000515   Thumb Code    34  dflti.o(.text)
    __aeabi_ui2d                             0x08000537   Thumb Code    26  dfltui.o(.text)
    __aeabi_d2iz                             0x08000551   Thumb Code    62  dfixi.o(.text)
    __aeabi_d2uiz                            0x0800058f   Thumb Code    50  dfixui.o(.text)
    __aeabi_f2d                              0x080005c1   Thumb Code    38  f2d.o(.text)
    __aeabi_cdcmpeq                          0x080005e9   Thumb Code     0  cdcmple.o(.text)
    __aeabi_cdcmple                          0x080005e9   Thumb Code    48  cdcmple.o(.text)
    __aeabi_cdrcmple                         0x08000619   Thumb Code    48  cdrcmple.o(.text)
    __aeabi_uidiv                            0x08000649   Thumb Code     0  uidiv.o(.text)
    __aeabi_uidivmod                         0x08000649   Thumb Code    44  uidiv.o(.text)
    __aeabi_uldivmod                         0x08000675   Thumb Code    98  uldiv.o(.text)
    __aeabi_llsl                             0x080006d7   Thumb Code    30  llshl.o(.text)
    _ll_shift_l                              0x080006d7   Thumb Code     0  llshl.o(.text)
    __aeabi_llsr                             0x080006f5   Thumb Code    32  llushr.o(.text)
    _ll_ushift_r                             0x080006f5   Thumb Code     0  llushr.o(.text)
    __aeabi_lasr                             0x08000715   Thumb Code    36  llsshr.o(.text)
    _ll_sshift_r                             0x08000715   Thumb Code     0  llsshr.o(.text)
    __I$use$fp                               0x08000739   Thumb Code     0  iusefp.o(.text)
    _double_round                            0x08000739   Thumb Code    30  depilogue.o(.text)
    _double_epilogue                         0x08000757   Thumb Code   156  depilogue.o(.text)
    __ARM_scalbn                             0x080007f3   Thumb Code    46  dscalb.o(.text)
    scalbn                                   0x080007f3   Thumb Code     0  dscalb.o(.text)
    _dsqrt                                   0x08000821   Thumb Code   162  dsqrt.o(.text)
    __aeabi_d2ulz                            0x080008c3   Thumb Code    48  dfixul.o(.text)
    __scatterload                            0x080008f5   Thumb Code    28  init.o(.text)
    __scatterload_rt2                        0x080008f5   Thumb Code     0  init.o(.text)
    __decompress                             0x08000919   Thumb Code     0  __dczerorl2.o(.text)
    __decompress1                            0x08000919   Thumb Code    86  __dczerorl2.o(.text)
    FSMC_NORSRAMCmd                          0x08000971   Thumb Code    46  stm32f4xx_fsmc.o(i.FSMC_NORSRAMCmd)
    FSMC_NORSRAMInit                         0x080009a5   Thumb Code   282  stm32f4xx_fsmc.o(i.FSMC_NORSRAMInit)
    GPIO_Init                                0x08000ac9   Thumb Code   144  stm32f4xx_gpio.o(i.GPIO_Init)
    GPIO_PinAFConfig                         0x08000b59   Thumb Code    70  stm32f4xx_gpio.o(i.GPIO_PinAFConfig)
    GPIO_ReadInputDataBit                    0x08000b9f   Thumb Code    18  stm32f4xx_gpio.o(i.GPIO_ReadInputDataBit)
    GPIO_ResetBits                           0x08000bb1   Thumb Code     4  stm32f4xx_gpio.o(i.GPIO_ResetBits)
    GPIO_SetBits                             0x08000bb5   Thumb Code     4  stm32f4xx_gpio.o(i.GPIO_SetBits)
    NVIC_Init                                0x08000bb9   Thumb Code   106  misc.o(i.NVIC_Init)
    NVIC_PriorityGroupConfig                 0x08000c31   Thumb Code    10  misc.o(i.NVIC_PriorityGroupConfig)
    RCC_AHB1PeriphClockCmd                   0x08000c45   Thumb Code    26  stm32f4xx_rcc.o(i.RCC_AHB1PeriphClockCmd)
    RCC_AHB3PeriphClockCmd                   0x08000c65   Thumb Code    26  stm32f4xx_rcc.o(i.RCC_AHB3PeriphClockCmd)
    RCC_APB1PeriphClockCmd                   0x08000c85   Thumb Code    26  stm32f4xx_rcc.o(i.RCC_APB1PeriphClockCmd)
    RCC_APB2PeriphClockCmd                   0x08000ca5   Thumb Code    26  stm32f4xx_rcc.o(i.RCC_APB2PeriphClockCmd)
    RCC_GetClocksFreq                        0x08000cc5   Thumb Code   214  stm32f4xx_rcc.o(i.RCC_GetClocksFreq)
    SystemInit                               0x08000e99   Thumb Code    88  system_stm32f4xx.o(i.SystemInit)
    TIM6_DAC_IRQHandler                      0x08000f01   Thumb Code    22  timers.o(i.TIM6_DAC_IRQHandler)
    TIM_ClearFlag                            0x08000f1d   Thumb Code     6  stm32f4xx_tim.o(i.TIM_ClearFlag)
    TIM_ClearITPendingBit                    0x08000f23   Thumb Code     6  stm32f4xx_tim.o(i.TIM_ClearITPendingBit)
    TIM_Cmd                                  0x08000f29   Thumb Code    24  stm32f4xx_tim.o(i.TIM_Cmd)
    TIM_GetITStatus                          0x08000f41   Thumb Code    34  stm32f4xx_tim.o(i.TIM_GetITStatus)
    TIM_ITConfig                             0x08000f63   Thumb Code    18  stm32f4xx_tim.o(i.TIM_ITConfig)
    TIM_TimeBaseInit                         0x08000f75   Thumb Code   104  stm32f4xx_tim.o(i.TIM_TimeBaseInit)
    USART1_IRQHandler                        0x08000ff9   Thumb Code    40  usart.o(i.USART1_IRQHandler)
    USART_Cmd                                0x0800102d   Thumb Code    24  stm32f4xx_usart.o(i.USART_Cmd)
    USART_GetITStatus                        0x08001045   Thumb Code    84  stm32f4xx_usart.o(i.USART_GetITStatus)
    USART_ITConfig                           0x08001099   Thumb Code    74  stm32f4xx_usart.o(i.USART_ITConfig)
    USART_Init                               0x080010e5   Thumb Code   204  stm32f4xx_usart.o(i.USART_Init)
    USART_ReceiveData                        0x080011b9   Thumb Code    10  stm32f4xx_usart.o(i.USART_ReceiveData)
    __0sprintf                               0x080011c5   Thumb Code    34  printfa.o(i.__0sprintf)
    __1sprintf                               0x080011c5   Thumb Code     0  printfa.o(i.__0sprintf)
    __2sprintf                               0x080011c5   Thumb Code     0  printfa.o(i.__0sprintf)
    __c89sprintf                             0x080011c5   Thumb Code     0  printfa.o(i.__0sprintf)
    sprintf                                  0x080011c5   Thumb Code     0  printfa.o(i.__0sprintf)
    __ARM_fpclassify                         0x080011ed   Thumb Code    48  fpclassify.o(i.__ARM_fpclassify)
    __hardfp_pow                             0x08001221   Thumb Code  3072  pow.o(i.__hardfp_pow)
    __kernel_poly                            0x08001e71   Thumb Code   248  poly.o(i.__kernel_poly)
    __mathlib_dbl_divzero                    0x08001f69   Thumb Code    28  dunder.o(i.__mathlib_dbl_divzero)
    __mathlib_dbl_infnan2                    0x08001f99   Thumb Code    20  dunder.o(i.__mathlib_dbl_infnan2)
    __mathlib_dbl_invalid                    0x08001fb1   Thumb Code    24  dunder.o(i.__mathlib_dbl_invalid)
    __mathlib_dbl_overflow                   0x08001fd1   Thumb Code    24  dunder.o(i.__mathlib_dbl_overflow)
    __mathlib_dbl_underflow                  0x08001ff1   Thumb Code    24  dunder.o(i.__mathlib_dbl_underflow)
    __scatterload_copy                       0x08002011   Thumb Code    14  handlers.o(i.__scatterload_copy)
    __scatterload_null                       0x0800201f   Thumb Code     2  handlers.o(i.__scatterload_null)
    __scatterload_zeroinit                   0x08002021   Thumb Code    14  handlers.o(i.__scatterload_zeroinit)
    __set_errno                              0x08002031   Thumb Code     6  errno.o(i.__set_errno)
    active_tips                              0x080028f9   Thumb Code     8  display.o(i.active_tips)
    check_gbk_size                           0x08002901   Thumb Code    30  display_string.o(i.check_gbk_size)
    check_leap_year                          0x0800291f   Thumb Code    42  setup.o(i.check_leap_year)
    check_month_day                          0x08002949   Thumb Code    52  setup.o(i.check_month_day)
    check_utf8_size                          0x08002989   Thumb Code    60  display_string.o(i.check_utf8_size)
    digit_lr_move                            0x080029c5   Thumb Code   204  regulator.o(i.digit_lr_move)
    display_area1_flush                      0x08002a9d   Thumb Code   118  display_controller.o(i.display_area1_flush)
    display_area1_flush_enable               0x08002b1d   Thumb Code    14  display_controller.o(i.display_area1_flush_enable)
    display_area1_show                       0x08002b31   Thumb Code   102  display_show.o(i.display_area1_show)
    display_area2_flush                      0x08002b9d   Thumb Code    94  display_controller.o(i.display_area2_flush)
    display_area2_flush_enable               0x08002c05   Thumb Code    18  display_controller.o(i.display_area2_flush_enable)
    display_area2_show                       0x08002c1d   Thumb Code   100  display_show.o(i.display_area2_show)
    display_area3_flush                      0x08002c85   Thumb Code    66  display_controller.o(i.display_area3_flush)
    display_area3_flush_enable               0x08002cd1   Thumb Code    18  display_controller.o(i.display_area3_flush_enable)
    display_area3_show                       0x08002ce9   Thumb Code   100  display_show.o(i.display_area3_show)
    display_area4_flush                      0x08002d51   Thumb Code    94  display_controller.o(i.display_area4_flush)
    display_area4_flush_enable               0x08002db9   Thumb Code    18  display_controller.o(i.display_area4_flush_enable)
    display_area4_show                       0x08002dd1   Thumb Code   100  display_show.o(i.display_area4_show)
    display_area5_flush                      0x08002e39   Thumb Code   122  display_controller.o(i.display_area5_flush)
    display_area5_show                       0x08002ebd   Thumb Code   100  display_show.o(i.display_area5_show)
    display_battery                          0x08002f25   Thumb Code   432  display.o(i.display_battery)
    display_battery_flush                    0x080030d5   Thumb Code    22  display_controller.o(i.display_battery_flush)
    display_battery_show                     0x080030f5   Thumb Code   110  display_show.o(i.display_battery_show)
    display_bevel_rect                       0x08003169   Thumb Code   152  display.o(i.display_bevel_rect)
    display_bluetooth_flush                  0x08003201   Thumb Code    22  display_controller.o(i.display_bluetooth_flush)
    display_bookmark                         0x08003221   Thumb Code   132  display.o(i.display_bookmark)
    display_buletooth_show                   0x080032a5   Thumb Code   152  display_show.o(i.display_buletooth_show)
    display_character                        0x08003345   Thumb Code   190  display_string.o(i.display_character)
    display_character_dmm                    0x08003403   Thumb Code   198  display_string.o(i.display_character_dmm)
    display_character_selected_digit         0x080034c9   Thumb Code   160  display_string.o(i.display_character_selected_digit)
    display_cn_string                        0x08003569   Thumb Code   392  display_string.o(i.display_cn_string)
    display_cn_string_dmm                    0x08003705   Thumb Code   286  display_string.o(i.display_cn_string_dmm)
    display_cn_string_selected_digit         0x08003831   Thumb Code   422  display_string.o(i.display_cn_string_selected_digit)
    display_dotted_line                      0x080039e5   Thumb Code    78  display.o(i.display_dotted_line)
    display_f1_menubar_area_show             0x08003a35   Thumb Code   128  display_show.o(i.display_f1_menubar_area_show)
    display_f1_menubar_flush                 0x08003ab9   Thumb Code    22  display_controller.o(i.display_f1_menubar_flush)
    display_f2_menubar_area_show             0x08003ad9   Thumb Code   128  display_show.o(i.display_f2_menubar_area_show)
    display_f2_menubar_flush                 0x08003b5d   Thumb Code    22  display_controller.o(i.display_f2_menubar_flush)
    display_f3_menubar_area_show             0x08003b7d   Thumb Code   128  display_show.o(i.display_f3_menubar_area_show)
    display_f3_menubar_flush                 0x08003c01   Thumb Code    22  display_controller.o(i.display_f3_menubar_flush)
    display_f4_menubar_area_show             0x08003c21   Thumb Code   128  display_show.o(i.display_f4_menubar_area_show)
    display_f4_menubar_flush                 0x08003ca5   Thumb Code    22  display_controller.o(i.display_f4_menubar_flush)
    display_flush                            0x08003cc5   Thumb Code    32  display_controller.o(i.display_flush)
    display_hold_flush                       0x08003ce5   Thumb Code    22  display_controller.o(i.display_hold_flush)
    display_hold_mark                        0x08003d05   Thumb Code    90  display.o(i.display_hold_mark)
    display_hold_show                        0x08003d69   Thumb Code   154  display_show.o(i.display_hold_show)
    display_hollow_rect                      0x08003e09   Thumb Code    84  display.o(i.display_hollow_rect)
    display_hollow_triangle                  0x08003e5d   Thumb Code    72  display.o(i.display_hollow_triangle)
    display_lighting_flush                   0x08003ea5   Thumb Code    22  display_controller.o(i.display_lighting_flush)
    display_lighting_show                    0x08003ec5   Thumb Code   154  display_show.o(i.display_lighting_show)
    display_line                             0x08003f69   Thumb Code   162  display.o(i.display_line)
    display_main_measure_data_unit_content_selected_digit 0x0800400d   Thumb Code    90  display_string.o(i.display_main_measure_data_unit_content_selected_digit)
    display_mark_content                     0x0800406d   Thumb Code    96  display_string.o(i.display_mark_content)
    display_measure_lo_flush                 0x080040d1   Thumb Code    22  display_controller.o(i.display_measure_lo_flush)
    display_measure_lo_show                  0x080040f1   Thumb Code   134  display_show.o(i.display_measure_lo_show)
    display_measure_loz_flush                0x0800417d   Thumb Code    22  display_controller.o(i.display_measure_loz_flush)
    display_measure_loz_show                 0x0800419d   Thumb Code   134  display_show.o(i.display_measure_loz_show)
    display_measure_mode_show                0x08004229   Thumb Code   148  display_show.o(i.display_measure_mode_show)
    display_measure_range_status_flush       0x080042c5   Thumb Code    22  display_controller.o(i.display_measure_range_status_flush)
    display_measure_ruler_flush              0x080042e5   Thumb Code    22  display_controller.o(i.display_measure_ruler_flush)
    display_measure_ruler_show               0x08004305   Thumb Code   140  display_show.o(i.display_measure_ruler_show)
    display_measure_value_content_dmm        0x08004395   Thumb Code    96  display_string.o(i.display_measure_value_content_dmm)
    display_measure_value_flush              0x080043f9   Thumb Code    22  display_controller.o(i.display_measure_value_flush)
    display_measure_value_mode_flush         0x08004419   Thumb Code    22  display_controller.o(i.display_measure_value_mode_flush)
    display_measure_value_show               0x08004439   Thumb Code   280  display_show.o(i.display_measure_value_show)
    display_measure_value_unit_content       0x08004575   Thumb Code    96  display_string.o(i.display_measure_value_unit_content)
    display_measure_value_unit_flush         0x080045d9   Thumb Code    22  display_controller.o(i.display_measure_value_unit_flush)
    display_measure_value_unit_show          0x080045f9   Thumb Code   194  display_show.o(i.display_measure_value_unit_show)
    display_menubar_content                  0x080046c5   Thumb Code    40  display_controller.o(i.display_menubar_content)
    display_next_menubar_area_show           0x080046f1   Thumb Code   138  display_show.o(i.display_next_menubar_area_show)
    display_next_menubar_flush               0x08004781   Thumb Code    22  display_controller.o(i.display_next_menubar_flush)
    display_pixel                            0x080047a1   Thumb Code    14  display.o(i.display_pixel)
    display_power_off_timer_flush            0x080047b1   Thumb Code    22  display_controller.o(i.display_power_off_timer_flush)
    display_power_off_timer_show             0x080047d1   Thumb Code   152  display_show.o(i.display_power_off_timer_show)
    display_prev_menubar_area_show           0x08004871   Thumb Code   138  display_show.o(i.display_prev_menubar_area_show)
    display_prev_menubar_flush               0x08004901   Thumb Code    22  display_controller.o(i.display_prev_menubar_flush)
    display_range_status_show                0x08004921   Thumb Code   148  display_show.o(i.display_range_status_show)
    display_real_time_flush                  0x080049c1   Thumb Code    22  display_controller.o(i.display_real_time_flush)
    display_real_time_show                   0x080049e1   Thumb Code   132  display_show.o(i.display_real_time_show)
    display_recording_flush                  0x08004a69   Thumb Code    22  display_controller.o(i.display_recording_flush)
    display_recording_mark                   0x08004a89   Thumb Code    90  display.o(i.display_recording_mark)
    display_recording_show                   0x08004af1   Thumb Code   154  display_show.o(i.display_recording_show)
    display_relative_value_flush             0x08004b91   Thumb Code    22  display_controller.o(i.display_relative_value_flush)
    display_relative_value_show              0x08004bb1   Thumb Code   212  display_show.o(i.display_relative_value_show)
    display_ruler_percent_mode               0x08004c95   Thumb Code   562  display.o(i.display_ruler_percent_mode)
    display_setting_area2_flush              0x08004ecd   Thumb Code    52  display_controller.o(i.display_setting_area2_flush)
    display_setting_area2_flush_enable       0x08004f09   Thumb Code    18  display_controller.o(i.display_setting_area2_flush_enable)
    display_setting_area2_show               0x08004f21   Thumb Code   100  display_show.o(i.display_setting_area2_show)
    display_setting_dock                     0x08004f89   Thumb Code    86  display.o(i.display_setting_dock)
    display_setting_list_flush               0x08004fe1   Thumb Code    22  display_controller.o(i.display_setting_list_flush)
    display_setting_list_show                0x08005001   Thumb Code  6862  display_show.o(i.display_setting_list_show)
    display_solid_rect                       0x08006ae5   Thumb Code    52  display.o(i.display_solid_rect)
    display_status_logo                      0x08006b19   Thumb Code   170  display.o(i.display_status_logo)
    display_string_auto_place                0x08006bc9   Thumb Code   410  display_string.o(i.display_string_auto_place)
    display_string_auto_place_dmm            0x08006d69   Thumb Code   408  display_string.o(i.display_string_auto_place_dmm)
    display_string_auto_place_selected_digit 0x08006f05   Thumb Code   412  display_string.o(i.display_string_auto_place_selected_digit)
    display_tips                             0x080070a5   Thumb Code   354  display.o(i.display_tips)
    display_trumpet_flush                    0x0800720d   Thumb Code    22  display_controller.o(i.display_trumpet_flush)
    display_trumpet_show                     0x0800722d   Thumb Code   100  display_show.o(i.display_trumpet_show)
    display_widget_content                   0x08007299   Thumb Code    96  display_string.o(i.display_widget_content)
    fabs                                     0x080072fd   Thumb Code    24  fabs.o(i.fabs)
    find_gbk_2byte_character                 0x08007315   Thumb Code    34  display_string.o(i.find_gbk_2byte_character)
    find_utf8_2byte_character                0x08007337   Thumb Code    34  display_string.o(i.find_utf8_2byte_character)
    find_utf8_3byte_character                0x08007359   Thumb Code    42  display_string.o(i.find_utf8_3byte_character)
    function_key_event                       0x08007385   Thumb Code    32  display_controller.o(i.function_key_event)
    function_key_event_enable                0x080073a9   Thumb Code    32  display_controller.o(i.function_key_event_enable)
    gbk_2byte_fontdata                       0x080073cd   Thumb Code     8  display_string.o(i.gbk_2byte_fontdata)
    get_apo_time                             0x080073d5   Thumb Code     6  setup.o(i.get_apo_time)
    get_back_light                           0x080073e1   Thumb Code    30  setup.o(i.get_back_light)
    get_buletooth_status                     0x08007409   Thumb Code     4  display_show.o(i.get_buletooth_status)
    get_comp_max                             0x0800740d   Thumb Code    20  setup.o(i.get_comp_max)
    get_comp_min                             0x08007429   Thumb Code    20  setup.o(i.get_comp_min)
    get_comp_type                            0x08007445   Thumb Code     6  setup.o(i.get_comp_type)
    get_day                                  0x08007451   Thumb Code    22  setup.o(i.get_day)
    get_hour                                 0x08007475   Thumb Code    22  setup.o(i.get_hour)
    get_hpos_selected                        0x08007499   Thumb Code     6  setup.o(i.get_hpos_selected)
    get_light_time                           0x080074a5   Thumb Code     6  setup.o(i.get_light_time)
    get_lighting_status                      0x080074b1   Thumb Code     4  display_show.o(i.get_lighting_status)
    get_lock_status                          0x080074b5   Thumb Code     8  key_controller.o(i.get_lock_status)
    get_memory_mode                          0x080074bd   Thumb Code     6  setup.o(i.get_memory_mode)
    get_minute                               0x080074c9   Thumb Code    22  setup.o(i.get_minute)
    get_month                                0x080074ed   Thumb Code    22  setup.o(i.get_month)
    get_page_selected                        0x08007511   Thumb Code     6  setup.o(i.get_page_selected)
    get_param_number                         0x0800751d   Thumb Code     6  setup.o(i.get_param_number)
    get_real_time                            0x08007529   Thumb Code    58  setup.o(i.get_real_time)
    get_record_rate                          0x08007589   Thumb Code    22  setup.o(i.get_record_rate)
    get_second                               0x080075a9   Thumb Code    22  setup.o(i.get_second)
    get_sound_status                         0x080075cd   Thumb Code     6  setup.o(i.get_sound_status)
    get_status_logo_active                   0x080075d9   Thumb Code    68  display_show.o(i.get_status_logo_active)
    get_theme_color                          0x08007621   Thumb Code     6  setup.o(i.get_theme_color)
    get_value_type                           0x0800762d   Thumb Code     6  regulator.o(i.get_value_type)
    get_vpos_selected                        0x08007639   Thumb Code     6  setup.o(i.get_vpos_selected)
    get_year                                 0x08007645   Thumb Code    20  setup.o(i.get_year)
    hpos_selected                            0x08007665   Thumb Code    74  setup.o(i.hpos_selected)
    hw_module_init                           0x080076b5   Thumb Code    26  test.o(i.hw_module_init)
    ili9341_backlight                        0x080076d1   Thumb Code    30  ili9341a.o(i.ili9341_backlight)
    ili9341_direction                        0x080076f5   Thumb Code    62  ili9341a.o(i.ili9341_direction)
    ili9341_display_region                   0x08007733   Thumb Code   106  ili9341a.o(i.ili9341_display_region)
    ili9341_init                             0x08007cb9   Thumb Code   574  ili9341a.o(i.ili9341_init)
    ili9341_reset                            0x08007ef9   Thumb Code    52  ili9341a.o(i.ili9341_reset)
    ili9341_write_command                    0x08007f31   Thumb Code    22  ili9341a.o(i.ili9341_write_command)
    ili9341_write_data                       0x08007f4d   Thumb Code    20  ili9341a.o(i.ili9341_write_data)
    key_drive_code                           0x08007f69   Thumb Code   104  key.o(i.key_drive_code)
    key_event_doing                          0x08007fd9   Thumb Code   600  key_controller.o(i.key_event_doing)
    key_event_ticks                          0x08008245   Thumb Code    34  key.o(i.key_event_ticks)
    key_function_init                        0x0800826d   Thumb Code    10  key_controller.o(i.key_function_init)
    key_gpio_init                            0x08008279   Thumb Code   132  key.o(i.key_gpio_init)
    main                                     0x08008305   Thumb Code    28  test.o(i.main)
    menubar_flush_enable                     0x08008359   Thumb Code    18  display_controller.o(i.menubar_flush_enable)
    menubar_pressed                          0x08008371   Thumb Code   320  display_controller.o(i.menubar_pressed)
    nvic_init                                0x080084b5   Thumb Code    44  nvic.o(i.nvic_init)
    page_selected                            0x080084e1   Thumb Code     6  setup.o(i.page_selected)
    pwd_auth                                 0x080084ed   Thumb Code    38  key_controller.o(i.pwd_auth)
    read_cursor_position                     0x08008515   Thumb Code    14  regulator.o(i.read_cursor_position)
    read_display_number_of_digits            0x08008529   Thumb Code    78  regulator.o(i.read_display_number_of_digits)
    read_display_part_string                 0x0800857d   Thumb Code   104  regulator.o(i.read_display_part_string)
    read_key_event                           0x080085e9   Thumb Code   252  key.o(i.read_key_event)
    read_menubar_function                    0x080086f1   Thumb Code     6  display_controller.o(i.read_menubar_function)
    read_menubar_level                       0x080086fd   Thumb Code    14  display_controller.o(i.read_menubar_level)
    read_menubar_page                        0x08008711   Thumb Code    14  display_controller.o(i.read_menubar_page)
    read_need_changed_value                  0x08008725   Thumb Code   124  regulator.o(i.read_need_changed_value)
    read_password                            0x080087b5   Thumb Code    92  key_controller.o(i.read_password)
    renew_first_bit                          0x08008811   Thumb Code    58  regulator.o(i.renew_first_bit)
    renew_value_format_string                0x0800884d   Thumb Code    72  regulator.o(i.renew_value_format_string)
    second_convert_ticks                     0x08008899   Thumb Code    44  display.o(i.second_convert_ticks)
    set_apo_time                             0x080088cd   Thumb Code    60  setup.o(i.set_apo_time)
    set_back_light                           0x0800890d   Thumb Code    60  setup.o(i.set_back_light)
    set_comp_type                            0x0800894d   Thumb Code    60  setup.o(i.set_comp_type)
    set_equip_date                           0x0800898d   Thumb Code   246  setup.o(i.set_equip_date)
    set_equip_time                           0x08008a89   Thumb Code   164  setup.o(i.set_equip_time)
    set_light_time                           0x08008b31   Thumb Code    60  setup.o(i.set_light_time)
    set_memory_mode                          0x08008b71   Thumb Code    60  setup.o(i.set_memory_mode)
    set_menubar_function                     0x08008bb1   Thumb Code    16  display_controller.o(i.set_menubar_function)
    set_menubar_page                         0x08008bc5   Thumb Code    16  display_controller.o(i.set_menubar_page)
    set_menubar_pressed                      0x08008bd9   Thumb Code    26  display_controller.o(i.set_menubar_pressed)
    set_record_rate                          0x08008bf9   Thumb Code    60  setup.o(i.set_record_rate)
    set_sound_status                         0x08008c39   Thumb Code    60  setup.o(i.set_sound_status)
    set_theme_color                          0x08008c79   Thumb Code    60  setup.o(i.set_theme_color)
    set_value_type                           0x08008cb9   Thumb Code     6  regulator.o(i.set_value_type)
    setting_level1_key_event                 0x08008ce1   Thumb Code   414  setting.o(i.setting_level1_key_event)
    setting_level1_key_event_enable          0x08008e81   Thumb Code    30  setting.o(i.setting_level1_key_event_enable)
    setting_level1_menu                      0x08008ea5   Thumb Code   236  setting.o(i.setting_level1_menu)
    sleep_ms                                 0x08008f91   Thumb Code    22  time.o(i.sleep_ms)
    sqrt                                     0x08008fa7   Thumb Code   110  sqrt.o(i.sqrt)
    status_logo_input_pool                   0x08009015   Thumb Code    62  logo_manager.o(i.status_logo_input_pool)
    status_logo_output_pool                  0x08009053   Thumb Code    54  logo_manager.o(i.status_logo_output_pool)
    status_logo_pool_empty                   0x08009089   Thumb Code    18  logo_manager.o(i.status_logo_pool_empty)
    status_logo_pool_full                    0x0800909b   Thumb Code    30  logo_manager.o(i.status_logo_pool_full)
    string_valid_height                      0x080090b9   Thumb Code    68  display_string.o(i.string_valid_height)
    string_valid_height_dmm                  0x08009109   Thumb Code    68  display_string.o(i.string_valid_height_dmm)
    string_valid_width                       0x08009159   Thumb Code   112  display_string.o(i.string_valid_width)
    string_valid_width_dmm                   0x080091d5   Thumb Code   140  display_string.o(i.string_valid_width_dmm)
    sw_module_init                           0x0800926d   Thumb Code    24  test.o(i.sw_module_init)
    tft_clear                                0x08009285   Thumb Code    48  display_controller.o(i.tft_clear)
    tft_flush                                0x080092c1   Thumb Code   168  display_controller.o(i.tft_flush)
    tft_flush_area                           0x0800936d   Thumb Code   224  display_controller.o(i.tft_flush_area)
    timers_init                              0x08009461   Thumb Code    30  timers.o(i.timers_init)
    timers_model_init                        0x08009481   Thumb Code    62  timers.o(i.timers_model_init)
    tips_timing                              0x080094c5   Thumb Code    12  display.o(i.tips_timing)
    usart_init                               0x08009541   Thumb Code    78  usart.o(i.usart_init)
    utf8_2byte_fontdata                      0x080095bb   Thumb Code     8  display_string.o(i.utf8_2byte_fontdata)
    utf8_3byte_fontdata                      0x080095c3   Thumb Code    30  display_string.o(i.utf8_3byte_fontdata)
    value_format                             0x080095e1   Thumb Code   174  regulator.o(i.value_format)
    value_ud_flip                            0x0800969d   Thumb Code   302  regulator.o(i.value_ud_flip)
    value_valid_bit_index                    0x080097e1   Thumb Code    76  regulator.o(i.value_valid_bit_index)
    voltage_level1_key_event                 0x0800982d   Thumb Code   376  voltage_v.o(i.voltage_level1_key_event)
    voltage_level1_key_event_enable          0x080099ad   Thumb Code   216  voltage_v.o(i.voltage_level1_key_event_enable)
    voltage_level1_menu                      0x08009a8d   Thumb Code  1296  voltage_v.o(i.voltage_level1_menu)
    vpos_selected                            0x08009f9d   Thumb Code   112  setup.o(i.vpos_selected)
    widget_size_init                         0x0800a011   Thumb Code  1068  display_controller.o(i.widget_size_init)
    color_data                               0x0800a440   Data          56  display.o(.constdata)
    ruler_module                             0x0800a478   Data         980  display.o(.constdata)
    bluetooth                                0x0800a84c   Data          32  display.o(.constdata)
    poweroff_timer                           0x0800a86c   Data          32  display.o(.constdata)
    lighting                                 0x0800a88c   Data          32  display.o(.constdata)
    lo                                       0x0800a8ac   Data          60  display.o(.constdata)
    loz                                      0x0800a8e8   Data          60  display.o(.constdata)
    ruler_overflow                           0x0800a924   Data           8  display.o(.constdata)
    ac_desc                                  0x0800a92c   Data          16  display.o(.constdata)
    dc_desc                                  0x0800a93c   Data          16  display.o(.constdata)
    ac_dc_desc                               0x0800a94c   Data          16  display.o(.constdata)
    trumpet                                  0x0800a95c   Data          32  display.o(.constdata)
    dmm_logo                                 0x0800a97c   Data          80  display.o(.constdata)
    tft_region                               0x0800a9cc   Data           4  display_controller.o(.constdata)
    tft_write                                0x0800a9d0   Data           4  display_controller.o(.constdata)
    fontdata_cn12x12_3byte_index             0x0800a9d4   Data          13  fontlib.o(.constdata)
    fontdata_cn20x20_2byte_index             0x0800a9e1   Data           5  fontlib.o(.constdata)
    fontdata_cn20x20_3byte_index             0x0800a9e6   Data           7  fontlib.o(.constdata)
    fontdata_cn12x12_3byte                   0x0800a9ed   Data          96  fontlib.o(.constdata)
    fontdata_cn20x20_2byte                   0x0800aa4d   Data         132  fontlib.o(.constdata)
    fontdata_cn20x20_3byte                   0x0800aad1   Data         132  fontlib.o(.constdata)
    fontdata_en12x16                         0x0800ab55   Data        3040  fontlib.o(.constdata)
    fontdata_en32x51                         0x0800b735   Data        8960  fontlib.o(.constdata)
    fontdata_en20x20                         0x0800da35   Data        7600  fontlib.o(.constdata)
    fontdata_en14x14                         0x0800f7e5   Data        2548  fontlib.o(.constdata)
    widthdata_en12x16                        0x080101d9   Data          95  fontlib.o(.constdata)
    widthdata_en32x51                        0x08010238   Data          16  fontlib.o(.constdata)
    widthdata_en20x20                        0x08010248   Data          95  fontlib.o(.constdata)
    widthdata_en14x14                        0x080102a7   Data          91  fontlib.o(.constdata)
    en_font                                  0x08010304   Data          48  fontlib.o(.constdata)
    cn_font                                  0x08010334   Data          48  fontlib.o(.constdata)
    jp_font                                  0x08010364   Data          48  fontlib.o(.constdata)
    en_index                                 0x08010394   Data          32  fontlib.o(.constdata)
    cn_index                                 0x080103b4   Data          32  fontlib.o(.constdata)
    jp_index                                 0x080103d4   Data          32  fontlib.o(.constdata)
    menu_content                             0x080103f4   Data          76  display_menu_content.o(.constdata)
    list_content                             0x08010440   Data          56  display_menu_content.o(.constdata)
    tips_content                             0x08010478   Data          16  display_menu_content.o(.constdata)
    __mathlib_zero                           0x08010510   Data           8  qnan.o(.constdata)
    Region$$Table$$Base                      0x08010674   Number         0  anon$$obj.o(Region$$Table)
    Region$$Table$$Limit                     0x08010694   Number         0  anon$$obj.o(Region$$Table)
    message_tips                             0x20000014   Data         100  display.o(.data)
    key_event_controller                     0x20000078   Data         128  display_controller.o(.data)
    key_event_enable                         0x200000f8   Data         128  display_controller.o(.data)
    display_menu_content                     0x20000178   Data         128  display_controller.o(.data)
    display_widget_show                      0x200001f8   Data         116  display_controller.o(.data)
    key_evt                                  0x20000274   Data          12  key.o(.data)
    param_setting_auth                       0x20000281   Data          34  key_controller.o(.data)
    test_function_auth                       0x200002a3   Data          34  key_controller.o(.data)
    voltage_measure                          0x200002d0   Data           1  voltage_v.o(.data)
    equip                                    0x200002d4   Data          64  setup.o(.data)
    list                                     0x20000314   Data          16  setup.o(.data)
    usart_data                               0x20000328   Data          64  usart.o(.bss)
    display_buf                              0x20000368   Data       76800  display.o(.bss)
    widget                                   0x20012f68   Data         800  display_controller.o(.bss)
    menubar                                  0x20013288   Data          66  display_controller.o(.bss)
    logo_pool                                0x200132ca   Data          12  display_show.o(.bss)
    value_regulator                          0x200132d8   Data         136  regulator.o(.bss)
    __initial_sp                             0x20015360   Data           0  startup_stm32f40_41xxx.o(STACK)



==============================================================================

Memory Map of the image

  Image Entry point : 0x0800019d

  Load Region LR_1 (Base: 0x08000000, Size: 0x000109bc, Max: 0xffffffff, ABSOLUTE, COMPRESSED[0x00010784])

    Execution Region ER_RO (Exec base: 0x08000000, Load base: 0x08000000, Size: 0x00010694, Max: 0xffffffff, ABSOLUTE)

    Exec Addr    Load Addr    Size         Type   Attr      Idx    E Section Name        Object

    0x08000000   0x08000000   0x00000188   Data   RO          552    RESET               startup_stm32f40_41xxx.o
    0x08000188   0x08000188   0x00000000   Code   RO         6972  * .ARM.Collect$$$$00000000  mc_w.l(entry.o)
    0x08000188   0x08000188   0x00000004   Code   RO         7289    .ARM.Collect$$$$00000001  mc_w.l(entry2.o)
    0x0800018c   0x0800018c   0x00000004   Code   RO         7292    .ARM.Collect$$$$00000004  mc_w.l(entry5.o)
    0x08000190   0x08000190   0x00000000   Code   RO         7294    .ARM.Collect$$$$00000008  mc_w.l(entry7b.o)
    0x08000190   0x08000190   0x00000000   Code   RO         7296    .ARM.Collect$$$$0000000A  mc_w.l(entry8b.o)
    0x08000190   0x08000190   0x00000008   Code   RO         7297    .ARM.Collect$$$$0000000B  mc_w.l(entry9a.o)
    0x08000198   0x08000198   0x00000000   Code   RO         7299    .ARM.Collect$$$$0000000D  mc_w.l(entry10a.o)
    0x08000198   0x08000198   0x00000000   Code   RO         7301    .ARM.Collect$$$$0000000F  mc_w.l(entry11a.o)
    0x08000198   0x08000198   0x00000004   Code   RO         7290    .ARM.Collect$$$$00002712  mc_w.l(entry2.o)
    0x0800019c   0x0800019c   0x00000024   Code   RO          553  * .text               startup_stm32f40_41xxx.o
    0x080001c0   0x080001c0   0x00000024   Code   RO         6975    .text               mc_w.l(memseta.o)
    0x080001e4   0x080001e4   0x0000000e   Code   RO         6979    .text               mc_w.l(strlen.o)
    0x080001f2   0x080001f2   0x00000012   Code   RO         6981    .text               mc_w.l(strcpy.o)
    0x08000204   0x08000204   0x0000014e   Code   RO         7244    .text               mf_w.l(dadd.o)
    0x08000352   0x08000352   0x000000e4   Code   RO         7246    .text               mf_w.l(dmul.o)
    0x08000436   0x08000436   0x000000de   Code   RO         7248    .text               mf_w.l(ddiv.o)
    0x08000514   0x08000514   0x00000022   Code   RO         7250    .text               mf_w.l(dflti.o)
    0x08000536   0x08000536   0x0000001a   Code   RO         7252    .text               mf_w.l(dfltui.o)
    0x08000550   0x08000550   0x0000003e   Code   RO         7254    .text               mf_w.l(dfixi.o)
    0x0800058e   0x0800058e   0x00000032   Code   RO         7256    .text               mf_w.l(dfixui.o)
    0x080005c0   0x080005c0   0x00000026   Code   RO         7258    .text               mf_w.l(f2d.o)
    0x080005e6   0x080005e6   0x00000002   PAD
    0x080005e8   0x080005e8   0x00000030   Code   RO         7260    .text               mf_w.l(cdcmple.o)
    0x08000618   0x08000618   0x00000030   Code   RO         7262    .text               mf_w.l(cdrcmple.o)
    0x08000648   0x08000648   0x0000002c   Code   RO         7306    .text               mc_w.l(uidiv.o)
    0x08000674   0x08000674   0x00000062   Code   RO         7308    .text               mc_w.l(uldiv.o)
    0x080006d6   0x080006d6   0x0000001e   Code   RO         7310    .text               mc_w.l(llshl.o)
    0x080006f4   0x080006f4   0x00000020   Code   RO         7312    .text               mc_w.l(llushr.o)
    0x08000714   0x08000714   0x00000024   Code   RO         7314    .text               mc_w.l(llsshr.o)
    0x08000738   0x08000738   0x00000000   Code   RO         7323    .text               mc_w.l(iusefp.o)
    0x08000738   0x08000738   0x000000ba   Code   RO         7324    .text               mf_w.l(depilogue.o)
    0x080007f2   0x080007f2   0x0000002e   Code   RO         7328    .text               mf_w.l(dscalb.o)
    0x08000820   0x08000820   0x000000a2   Code   RO         7330    .text               mf_w.l(dsqrt.o)
    0x080008c2   0x080008c2   0x00000030   Code   RO         7332    .text               mf_w.l(dfixul.o)
    0x080008f2   0x080008f2   0x00000002   PAD
    0x080008f4   0x080008f4   0x00000024   Code   RO         7334    .text               mc_w.l(init.o)
    0x08000918   0x08000918   0x00000056   Code   RO         7346    .text               mc_w.l(__dczerorl2.o)
    0x0800096e   0x0800096e   0x00000002   PAD
    0x08000970   0x08000970   0x00000034   Code   RO         2216    i.FSMC_NORSRAMCmd   stm32f4xx_fsmc.o
    0x080009a4   0x080009a4   0x00000124   Code   RO         2218    i.FSMC_NORSRAMInit  stm32f4xx_fsmc.o
    0x08000ac8   0x08000ac8   0x00000090   Code   RO         2341    i.GPIO_Init         stm32f4xx_gpio.o
    0x08000b58   0x08000b58   0x00000046   Code   RO         2342    i.GPIO_PinAFConfig  stm32f4xx_gpio.o
    0x08000b9e   0x08000b9e   0x00000012   Code   RO         2345    i.GPIO_ReadInputDataBit  stm32f4xx_gpio.o
    0x08000bb0   0x08000bb0   0x00000004   Code   RO         2348    i.GPIO_ResetBits    stm32f4xx_gpio.o
    0x08000bb4   0x08000bb4   0x00000004   Code   RO         2349    i.GPIO_SetBits      stm32f4xx_gpio.o
    0x08000bb8   0x08000bb8   0x00000078   Code   RO          601    i.NVIC_Init         misc.o
    0x08000c30   0x08000c30   0x00000014   Code   RO          602    i.NVIC_PriorityGroupConfig  misc.o
    0x08000c44   0x08000c44   0x00000020   Code   RO         3066    i.RCC_AHB1PeriphClockCmd  stm32f4xx_rcc.o
    0x08000c64   0x08000c64   0x00000020   Code   RO         3072    i.RCC_AHB3PeriphClockCmd  stm32f4xx_rcc.o
    0x08000c84   0x08000c84   0x00000020   Code   RO         3075    i.RCC_APB1PeriphClockCmd  stm32f4xx_rcc.o
    0x08000ca4   0x08000ca4   0x00000020   Code   RO         3078    i.RCC_APB2PeriphClockCmd  stm32f4xx_rcc.o
    0x08000cc4   0x08000cc4   0x000000e8   Code   RO         3087    i.RCC_GetClocksFreq  stm32f4xx_rcc.o
    0x08000dac   0x08000dac   0x000000ec   Code   RO          560    i.SetSysClock       system_stm32f4xx.o
    0x08000e98   0x08000e98   0x00000068   Code   RO          562    i.SystemInit        system_stm32f4xx.o
    0x08000f00   0x08000f00   0x0000001c   Code   RO          366    i.TIM6_DAC_IRQHandler  timers.o
    0x08000f1c   0x08000f1c   0x00000006   Code   RO         4456    i.TIM_ClearFlag     stm32f4xx_tim.o
    0x08000f22   0x08000f22   0x00000006   Code   RO         4457    i.TIM_ClearITPendingBit  stm32f4xx_tim.o
    0x08000f28   0x08000f28   0x00000018   Code   RO         4462    i.TIM_Cmd           stm32f4xx_tim.o
    0x08000f40   0x08000f40   0x00000022   Code   RO         4483    i.TIM_GetITStatus   stm32f4xx_tim.o
    0x08000f62   0x08000f62   0x00000012   Code   RO         4487    i.TIM_ITConfig      stm32f4xx_tim.o
    0x08000f74   0x08000f74   0x00000084   Code   RO         4534    i.TIM_TimeBaseInit  stm32f4xx_tim.o
    0x08000ff8   0x08000ff8   0x00000034   Code   RO          488    i.USART1_IRQHandler  usart.o
    0x0800102c   0x0800102c   0x00000018   Code   RO         5016    i.USART_Cmd         stm32f4xx_usart.o
    0x08001044   0x08001044   0x00000054   Code   RO         5020    i.USART_GetITStatus  stm32f4xx_usart.o
    0x08001098   0x08001098   0x0000004a   Code   RO         5022    i.USART_ITConfig    stm32f4xx_usart.o
    0x080010e2   0x080010e2   0x00000002   PAD
    0x080010e4   0x080010e4   0x000000d4   Code   RO         5023    i.USART_Init        stm32f4xx_usart.o
    0x080011b8   0x080011b8   0x0000000a   Code   RO         5030    i.USART_ReceiveData  stm32f4xx_usart.o
    0x080011c2   0x080011c2   0x00000002   PAD
    0x080011c4   0x080011c4   0x00000028   Code   RO         7218    i.__0sprintf        mc_w.l(printfa.o)
    0x080011ec   0x080011ec   0x00000030   Code   RO         7284    i.__ARM_fpclassify  m_wm.l(fpclassify.o)
    0x0800121c   0x0800121c   0x00000004   PAD
    0x08001220   0x08001220   0x00000c50   Code   RO         6946    i.__hardfp_pow      m_wm.l(pow.o)
    0x08001e70   0x08001e70   0x000000f8   Code   RO         7286    i.__kernel_poly     m_wm.l(poly.o)
    0x08001f68   0x08001f68   0x00000030   Code   RO         7264    i.__mathlib_dbl_divzero  m_wm.l(dunder.o)
    0x08001f98   0x08001f98   0x00000014   Code   RO         7266    i.__mathlib_dbl_infnan2  m_wm.l(dunder.o)
    0x08001fac   0x08001fac   0x00000004   PAD
    0x08001fb0   0x08001fb0   0x00000020   Code   RO         7267    i.__mathlib_dbl_invalid  m_wm.l(dunder.o)
    0x08001fd0   0x08001fd0   0x00000020   Code   RO         7268    i.__mathlib_dbl_overflow  m_wm.l(dunder.o)
    0x08001ff0   0x08001ff0   0x00000020   Code   RO         7270    i.__mathlib_dbl_underflow  m_wm.l(dunder.o)
    0x08002010   0x08002010   0x0000000e   Code   RO         7340    i.__scatterload_copy  mc_w.l(handlers.o)
    0x0800201e   0x0800201e   0x00000002   Code   RO         7341    i.__scatterload_null  mc_w.l(handlers.o)
    0x08002020   0x08002020   0x0000000e   Code   RO         7342    i.__scatterload_zeroinit  mc_w.l(handlers.o)
    0x0800202e   0x0800202e   0x00000002   PAD
    0x08002030   0x08002030   0x0000000c   Code   RO         7318    i.__set_errno       mc_w.l(errno.o)
    0x0800203c   0x0800203c   0x00000184   Code   RO         7223    i._fp_digits        mc_w.l(printfa.o)
    0x080021c0   0x080021c0   0x000006dc   Code   RO         7224    i._printf_core      mc_w.l(printfa.o)
    0x0800289c   0x0800289c   0x00000024   Code   RO         7225    i._printf_post_padding  mc_w.l(printfa.o)
    0x080028c0   0x080028c0   0x0000002e   Code   RO         7226    i._printf_pre_padding  mc_w.l(printfa.o)
    0x080028ee   0x080028ee   0x0000000a   Code   RO         7228    i._sputc            mc_w.l(printfa.o)
    0x080028f8   0x080028f8   0x00000008   Code   RO         5270    i.active_tips       display.o
    0x08002900   0x08002900   0x0000001e   Code   RO         6050    i.check_gbk_size    display_string.o
    0x0800291e   0x0800291e   0x0000002a   Code   RO         6697    i.check_leap_year   setup.o
    0x08002948   0x08002948   0x00000040   Code   RO         6698    i.check_month_day   setup.o
    0x08002988   0x08002988   0x0000003c   Code   RO         6051    i.check_utf8_size   display_string.o
    0x080029c4   0x080029c4   0x000000d8   Code   RO         6506    i.digit_lr_move     regulator.o
    0x08002a9c   0x08002a9c   0x00000080   Code   RO         5459    i.display_area1_flush  display_controller.o
    0x08002b1c   0x08002b1c   0x00000014   Code   RO         5460    i.display_area1_flush_enable  display_controller.o
    0x08002b30   0x08002b30   0x0000006c   Code   RO         5833    i.display_area1_show  display_show.o
    0x08002b9c   0x08002b9c   0x00000068   Code   RO         5461    i.display_area2_flush  display_controller.o
    0x08002c04   0x08002c04   0x00000018   Code   RO         5462    i.display_area2_flush_enable  display_controller.o
    0x08002c1c   0x08002c1c   0x00000068   Code   RO         5834    i.display_area2_show  display_show.o
    0x08002c84   0x08002c84   0x0000004c   Code   RO         5463    i.display_area3_flush  display_controller.o
    0x08002cd0   0x08002cd0   0x00000018   Code   RO         5464    i.display_area3_flush_enable  display_controller.o
    0x08002ce8   0x08002ce8   0x00000068   Code   RO         5835    i.display_area3_show  display_show.o
    0x08002d50   0x08002d50   0x00000068   Code   RO         5465    i.display_area4_flush  display_controller.o
    0x08002db8   0x08002db8   0x00000018   Code   RO         5466    i.display_area4_flush_enable  display_controller.o
    0x08002dd0   0x08002dd0   0x00000068   Code   RO         5836    i.display_area4_show  display_show.o
    0x08002e38   0x08002e38   0x00000084   Code   RO         5467    i.display_area5_flush  display_controller.o
    0x08002ebc   0x08002ebc   0x00000068   Code   RO         5837    i.display_area5_show  display_show.o
    0x08002f24   0x08002f24   0x000001b0   Code   RO         5271    i.display_battery   display.o
    0x080030d4   0x080030d4   0x00000020   Code   RO         5469    i.display_battery_flush  display_controller.o
    0x080030f4   0x080030f4   0x00000074   Code   RO         5838    i.display_battery_show  display_show.o
    0x08003168   0x08003168   0x00000098   Code   RO         5272    i.display_bevel_rect  display.o
    0x08003200   0x08003200   0x00000020   Code   RO         5470    i.display_bluetooth_flush  display_controller.o
    0x08003220   0x08003220   0x00000084   Code   RO         5273    i.display_bookmark  display.o
    0x080032a4   0x080032a4   0x000000a0   Code   RO         5839    i.display_buletooth_show  display_show.o
    0x08003344   0x08003344   0x000000be   Code   RO         6052    i.display_character  display_string.o
    0x08003402   0x08003402   0x000000c6   Code   RO         6053    i.display_character_dmm  display_string.o
    0x080034c8   0x080034c8   0x000000a0   Code   RO         6054    i.display_character_selected_digit  display_string.o
    0x08003568   0x08003568   0x0000019c   Code   RO         6055    i.display_cn_string  display_string.o
    0x08003704   0x08003704   0x0000012c   Code   RO         6056    i.display_cn_string_dmm  display_string.o
    0x08003830   0x08003830   0x000001b4   Code   RO         6057    i.display_cn_string_selected_digit  display_string.o
    0x080039e4   0x080039e4   0x0000004e   Code   RO         5274    i.display_dotted_line  display.o
    0x08003a32   0x08003a32   0x00000002   PAD
    0x08003a34   0x08003a34   0x00000084   Code   RO         5840    i.display_f1_menubar_area_show  display_show.o
    0x08003ab8   0x08003ab8   0x00000020   Code   RO         5471    i.display_f1_menubar_flush  display_controller.o
    0x08003ad8   0x08003ad8   0x00000084   Code   RO         5841    i.display_f2_menubar_area_show  display_show.o
    0x08003b5c   0x08003b5c   0x00000020   Code   RO         5472    i.display_f2_menubar_flush  display_controller.o
    0x08003b7c   0x08003b7c   0x00000084   Code   RO         5842    i.display_f3_menubar_area_show  display_show.o
    0x08003c00   0x08003c00   0x00000020   Code   RO         5473    i.display_f3_menubar_flush  display_controller.o
    0x08003c20   0x08003c20   0x00000084   Code   RO         5843    i.display_f4_menubar_area_show  display_show.o
    0x08003ca4   0x08003ca4   0x00000020   Code   RO         5474    i.display_f4_menubar_flush  display_controller.o
    0x08003cc4   0x08003cc4   0x00000020   Code   RO         5475    i.display_flush     display_controller.o
    0x08003ce4   0x08003ce4   0x00000020   Code   RO         5476    i.display_hold_flush  display_controller.o
    0x08003d04   0x08003d04   0x00000064   Code   RO         5276    i.display_hold_mark  display.o
    0x08003d68   0x08003d68   0x000000a0   Code   RO         5844    i.display_hold_show  display_show.o
    0x08003e08   0x08003e08   0x00000054   Code   RO         5277    i.display_hollow_rect  display.o
    0x08003e5c   0x08003e5c   0x00000048   Code   RO         5278    i.display_hollow_triangle  display.o
    0x08003ea4   0x08003ea4   0x00000020   Code   RO         5477    i.display_lighting_flush  display_controller.o
    0x08003ec4   0x08003ec4   0x000000a4   Code   RO         5845    i.display_lighting_show  display_show.o
    0x08003f68   0x08003f68   0x000000a2   Code   RO         5279    i.display_line      display.o
    0x0800400a   0x0800400a   0x00000002   PAD
    0x0800400c   0x0800400c   0x00000060   Code   RO         6060    i.display_main_measure_data_unit_content_selected_digit  display_string.o
    0x0800406c   0x0800406c   0x00000064   Code   RO         6061    i.display_mark_content  display_string.o
    0x080040d0   0x080040d0   0x00000020   Code   RO         5478    i.display_measure_lo_flush  display_controller.o
    0x080040f0   0x080040f0   0x0000008c   Code   RO         5846    i.display_measure_lo_show  display_show.o
    0x0800417c   0x0800417c   0x00000020   Code   RO         5479    i.display_measure_loz_flush  display_controller.o
    0x0800419c   0x0800419c   0x0000008c   Code   RO         5847    i.display_measure_loz_show  display_show.o
    0x08004228   0x08004228   0x0000009c   Code   RO         5848    i.display_measure_mode_show  display_show.o
    0x080042c4   0x080042c4   0x00000020   Code   RO         5480    i.display_measure_range_status_flush  display_controller.o
    0x080042e4   0x080042e4   0x00000020   Code   RO         5481    i.display_measure_ruler_flush  display_controller.o
    0x08004304   0x08004304   0x00000090   Code   RO         5849    i.display_measure_ruler_show  display_show.o
    0x08004394   0x08004394   0x00000064   Code   RO         6062    i.display_measure_value_content_dmm  display_string.o
    0x080043f8   0x080043f8   0x00000020   Code   RO         5482    i.display_measure_value_flush  display_controller.o
    0x08004418   0x08004418   0x00000020   Code   RO         5483    i.display_measure_value_mode_flush  display_controller.o
    0x08004438   0x08004438   0x0000013c   Code   RO         5850    i.display_measure_value_show  display_show.o
    0x08004574   0x08004574   0x00000064   Code   RO         6063    i.display_measure_value_unit_content  display_string.o
    0x080045d8   0x080045d8   0x00000020   Code   RO         5484    i.display_measure_value_unit_flush  display_controller.o
    0x080045f8   0x080045f8   0x000000cc   Code   RO         5851    i.display_measure_value_unit_show  display_show.o
    0x080046c4   0x080046c4   0x0000002c   Code   RO         5485    i.display_menubar_content  display_controller.o
    0x080046f0   0x080046f0   0x00000090   Code   RO         5852    i.display_next_menubar_area_show  display_show.o
    0x08004780   0x08004780   0x00000020   Code   RO         5486    i.display_next_menubar_flush  display_controller.o
    0x080047a0   0x080047a0   0x0000000e   Code   RO         5281    i.display_pixel     display.o
    0x080047ae   0x080047ae   0x00000002   PAD
    0x080047b0   0x080047b0   0x00000020   Code   RO         5487    i.display_power_off_timer_flush  display_controller.o
    0x080047d0   0x080047d0   0x000000a0   Code   RO         5853    i.display_power_off_timer_show  display_show.o
    0x08004870   0x08004870   0x00000090   Code   RO         5854    i.display_prev_menubar_area_show  display_show.o
    0x08004900   0x08004900   0x00000020   Code   RO         5488    i.display_prev_menubar_flush  display_controller.o
    0x08004920   0x08004920   0x000000a0   Code   RO         5855    i.display_range_status_show  display_show.o
    0x080049c0   0x080049c0   0x00000020   Code   RO         5489    i.display_real_time_flush  display_controller.o
    0x080049e0   0x080049e0   0x00000088   Code   RO         5856    i.display_real_time_show  display_show.o
    0x08004a68   0x08004a68   0x00000020   Code   RO         5490    i.display_recording_flush  display_controller.o
    0x08004a88   0x08004a88   0x00000068   Code   RO         5282    i.display_recording_mark  display.o
    0x08004af0   0x08004af0   0x000000a0   Code   RO         5857    i.display_recording_show  display_show.o
    0x08004b90   0x08004b90   0x00000020   Code   RO         5491    i.display_relative_value_flush  display_controller.o
    0x08004bb0   0x08004bb0   0x000000e4   Code   RO         5858    i.display_relative_value_show  display_show.o
    0x08004c94   0x08004c94   0x00000238   Code   RO         5284    i.display_ruler_percent_mode  display.o
    0x08004ecc   0x08004ecc   0x0000003c   Code   RO         5492    i.display_setting_area2_flush  display_controller.o
    0x08004f08   0x08004f08   0x00000018   Code   RO         5493    i.display_setting_area2_flush_enable  display_controller.o
    0x08004f20   0x08004f20   0x00000068   Code   RO         5859    i.display_setting_area2_show  display_show.o
    0x08004f88   0x08004f88   0x00000056   Code   RO         5286    i.display_setting_dock  display.o
    0x08004fde   0x08004fde   0x00000002   PAD
    0x08004fe0   0x08004fe0   0x00000020   Code   RO         5494    i.display_setting_list_flush  display_controller.o
    0x08005000   0x08005000   0x00001ae4   Code   RO         5860    i.display_setting_list_show  display_show.o
    0x08006ae4   0x08006ae4   0x00000034   Code   RO         5287    i.display_solid_rect  display.o
    0x08006b18   0x08006b18   0x000000b0   Code   RO         5288    i.display_status_logo  display.o
    0x08006bc8   0x08006bc8   0x000001a0   Code   RO         6065    i.display_string_auto_place  display_string.o
    0x08006d68   0x08006d68   0x0000019c   Code   RO         6066    i.display_string_auto_place_dmm  display_string.o
    0x08006f04   0x08006f04   0x000001a0   Code   RO         6067    i.display_string_auto_place_selected_digit  display_string.o
    0x080070a4   0x080070a4   0x00000168   Code   RO         5289    i.display_tips      display.o
    0x0800720c   0x0800720c   0x00000020   Code   RO         5495    i.display_trumpet_flush  display_controller.o
    0x0800722c   0x0800722c   0x0000006c   Code   RO         5861    i.display_trumpet_show  display_show.o
    0x08007298   0x08007298   0x00000064   Code   RO         6069    i.display_widget_content  display_string.o
    0x080072fc   0x080072fc   0x00000018   Code   RO         7280    i.fabs              m_wm.l(fabs.o)
    0x08007314   0x08007314   0x00000022   Code   RO         6070    i.find_gbk_2byte_character  display_string.o
    0x08007336   0x08007336   0x00000022   Code   RO         6071    i.find_utf8_2byte_character  display_string.o
    0x08007358   0x08007358   0x0000002a   Code   RO         6072    i.find_utf8_3byte_character  display_string.o
    0x08007382   0x08007382   0x00000002   PAD
    0x08007384   0x08007384   0x00000024   Code   RO         5496    i.function_key_event  display_controller.o
    0x080073a8   0x080073a8   0x00000024   Code   RO         5497    i.function_key_event_enable  display_controller.o
    0x080073cc   0x080073cc   0x00000008   Code   RO         6074    i.gbk_2byte_fontdata  display_string.o
    0x080073d4   0x080073d4   0x0000000c   Code   RO         6699    i.get_apo_time      setup.o
    0x080073e0   0x080073e0   0x00000028   Code   RO         6700    i.get_back_light    setup.o
    0x08007408   0x08007408   0x00000004   Code   RO         5862    i.get_buletooth_status  display_show.o
    0x0800740c   0x0800740c   0x0000001c   Code   RO         6701    i.get_comp_max      setup.o
    0x08007428   0x08007428   0x0000001c   Code   RO         6703    i.get_comp_min      setup.o
    0x08007444   0x08007444   0x0000000c   Code   RO         6705    i.get_comp_type     setup.o
    0x08007450   0x08007450   0x00000024   Code   RO         6706    i.get_day           setup.o
    0x08007474   0x08007474   0x00000024   Code   RO         6707    i.get_hour          setup.o
    0x08007498   0x08007498   0x0000000c   Code   RO         6708    i.get_hpos_selected  setup.o
    0x080074a4   0x080074a4   0x0000000c   Code   RO         6709    i.get_light_time    setup.o
    0x080074b0   0x080074b0   0x00000004   Code   RO         5863    i.get_lighting_status  display_show.o
    0x080074b4   0x080074b4   0x00000008   Code   RO         6341    i.get_lock_status   key_controller.o
    0x080074bc   0x080074bc   0x0000000c   Code   RO         6710    i.get_memory_mode   setup.o
    0x080074c8   0x080074c8   0x00000024   Code   RO         6711    i.get_minute        setup.o
    0x080074ec   0x080074ec   0x00000024   Code   RO         6712    i.get_month         setup.o
    0x08007510   0x08007510   0x0000000c   Code   RO         6713    i.get_page_selected  setup.o
    0x0800751c   0x0800751c   0x0000000c   Code   RO         6714    i.get_param_number  setup.o
    0x08007528   0x08007528   0x00000060   Code   RO         6715    i.get_real_time     setup.o
    0x08007588   0x08007588   0x00000020   Code   RO         6716    i.get_record_rate   setup.o
    0x080075a8   0x080075a8   0x00000024   Code   RO         6717    i.get_second        setup.o
    0x080075cc   0x080075cc   0x0000000c   Code   RO         6718    i.get_sound_status  setup.o
    0x080075d8   0x080075d8   0x00000048   Code   RO         5864    i.get_status_logo_active  display_show.o
    0x08007620   0x08007620   0x0000000c   Code   RO         6719    i.get_theme_color   setup.o
    0x0800762c   0x0800762c   0x0000000c   Code   RO         6507    i.get_value_type    regulator.o
    0x08007638   0x08007638   0x0000000c   Code   RO         6720    i.get_vpos_selected  setup.o
    0x08007644   0x08007644   0x00000020   Code   RO         6721    i.get_year          setup.o
    0x08007664   0x08007664   0x00000050   Code   RO         6722    i.hpos_selected     setup.o
    0x080076b4   0x080076b4   0x0000001a   Code   RO            4    i.hw_module_init    test.o
    0x080076ce   0x080076ce   0x00000002   PAD
    0x080076d0   0x080076d0   0x00000024   Code   RO          403    i.ili9341_backlight  ili9341a.o
    0x080076f4   0x080076f4   0x0000003e   Code   RO          404    i.ili9341_direction  ili9341a.o
    0x08007732   0x08007732   0x0000006a   Code   RO          405    i.ili9341_display_region  ili9341a.o
    0x0800779c   0x0800779c   0x0000005e   Code   RO          406    i.ili9341_fsmc_init  ili9341a.o
    0x080077fa   0x080077fa   0x00000002   PAD
    0x080077fc   0x080077fc   0x000004bc   Code   RO          407    i.ili9341_gpio_init  ili9341a.o
    0x08007cb8   0x08007cb8   0x0000023e   Code   RO          408    i.ili9341_init      ili9341a.o
    0x08007ef6   0x08007ef6   0x00000002   PAD
    0x08007ef8   0x08007ef8   0x00000038   Code   RO          409    i.ili9341_reset     ili9341a.o
    0x08007f30   0x08007f30   0x0000001c   Code   RO          410    i.ili9341_write_command  ili9341a.o
    0x08007f4c   0x08007f4c   0x0000001c   Code   RO          411    i.ili9341_write_data  ili9341a.o
    0x08007f68   0x08007f68   0x00000070   Code   RO         6293    i.key_drive_code    key.o
    0x08007fd8   0x08007fd8   0x0000026c   Code   RO         6342    i.key_event_doing   key_controller.o
    0x08008244   0x08008244   0x00000028   Code   RO         6294    i.key_event_ticks   key.o
    0x0800826c   0x0800826c   0x0000000a   Code   RO         6343    i.key_function_init  key_controller.o
    0x08008276   0x08008276   0x00000002   PAD
    0x08008278   0x08008278   0x0000008c   Code   RO         6295    i.key_gpio_init     key.o
    0x08008304   0x08008304   0x00000020   Code   RO            5    i.main              test.o
    0x08008324   0x08008324   0x00000034   Code   RO         5498    i.measure_interface  display_controller.o
    0x08008358   0x08008358   0x00000018   Code   RO         5500    i.menubar_flush_enable  display_controller.o
    0x08008370   0x08008370   0x00000144   Code   RO         5501    i.menubar_pressed   display_controller.o
    0x080084b4   0x080084b4   0x0000002c   Code   RO          342    i.nvic_init         nvic.o
    0x080084e0   0x080084e0   0x0000000c   Code   RO         6723    i.page_selected     setup.o
    0x080084ec   0x080084ec   0x00000026   Code   RO         6344    i.pwd_auth          key_controller.o
    0x08008512   0x08008512   0x00000002   PAD
    0x08008514   0x08008514   0x00000014   Code   RO         6508    i.read_cursor_position  regulator.o
    0x08008528   0x08008528   0x00000054   Code   RO         6509    i.read_display_number_of_digits  regulator.o
    0x0800857c   0x0800857c   0x0000006c   Code   RO         6510    i.read_display_part_string  regulator.o
    0x080085e8   0x080085e8   0x00000108   Code   RO         6296    i.read_key_event    key.o
    0x080086f0   0x080086f0   0x0000000c   Code   RO         5502    i.read_menubar_function  display_controller.o
    0x080086fc   0x080086fc   0x00000014   Code   RO         5503    i.read_menubar_level  display_controller.o
    0x08008710   0x08008710   0x00000014   Code   RO         5504    i.read_menubar_page  display_controller.o
    0x08008724   0x08008724   0x00000090   Code   RO         6511    i.read_need_changed_value  regulator.o
    0x080087b4   0x080087b4   0x0000005c   Code   RO         6345    i.read_password     key_controller.o
    0x08008810   0x08008810   0x0000003a   Code   RO         6512    i.renew_first_bit   regulator.o
    0x0800884a   0x0800884a   0x00000002   PAD
    0x0800884c   0x0800884c   0x0000004c   Code   RO         6513    i.renew_value_format_string  regulator.o
    0x08008898   0x08008898   0x00000034   Code   RO         5293    i.second_convert_ticks  display.o
    0x080088cc   0x080088cc   0x00000040   Code   RO         6724    i.set_apo_time      setup.o
    0x0800890c   0x0800890c   0x00000040   Code   RO         6725    i.set_back_light    setup.o
    0x0800894c   0x0800894c   0x00000040   Code   RO         6726    i.set_comp_type     setup.o
    0x0800898c   0x0800898c   0x000000fc   Code   RO         6727    i.set_equip_date    setup.o
    0x08008a88   0x08008a88   0x000000a8   Code   RO         6728    i.set_equip_time    setup.o
    0x08008b30   0x08008b30   0x00000040   Code   RO         6729    i.set_light_time    setup.o
    0x08008b70   0x08008b70   0x00000040   Code   RO         6730    i.set_memory_mode   setup.o
    0x08008bb0   0x08008bb0   0x00000014   Code   RO         5506    i.set_menubar_function  display_controller.o
    0x08008bc4   0x08008bc4   0x00000014   Code   RO         5508    i.set_menubar_page  display_controller.o
    0x08008bd8   0x08008bd8   0x00000020   Code   RO         5509    i.set_menubar_pressed  display_controller.o
    0x08008bf8   0x08008bf8   0x00000040   Code   RO         6731    i.set_record_rate   setup.o
    0x08008c38   0x08008c38   0x00000040   Code   RO         6732    i.set_sound_status  setup.o
    0x08008c78   0x08008c78   0x00000040   Code   RO         6733    i.set_theme_color   setup.o
    0x08008cb8   0x08008cb8   0x0000000c   Code   RO         6514    i.set_value_type    regulator.o
    0x08008cc4   0x08008cc4   0x0000001c   Code   RO         5510    i.setting_interface  display_controller.o
    0x08008ce0   0x08008ce0   0x0000019e   Code   RO         6468    i.setting_level1_key_event  setting.o
    0x08008e7e   0x08008e7e   0x00000002   PAD
    0x08008e80   0x08008e80   0x00000024   Code   RO         6469    i.setting_level1_key_event_enable  setting.o
    0x08008ea4   0x08008ea4   0x000000ec   Code   RO         6470    i.setting_level1_menu  setting.o
    0x08008f90   0x08008f90   0x00000016   Code   RO          257    i.sleep_ms          time.o
    0x08008fa6   0x08008fa6   0x0000006e   Code   RO         6962    i.sqrt              m_wm.l(sqrt.o)
    0x08009014   0x08009014   0x0000003e   Code   RO         6658    i.status_logo_input_pool  logo_manager.o
    0x08009052   0x08009052   0x00000036   Code   RO         6659    i.status_logo_output_pool  logo_manager.o
    0x08009088   0x08009088   0x00000012   Code   RO         6660    i.status_logo_pool_empty  logo_manager.o
    0x0800909a   0x0800909a   0x0000001e   Code   RO         6661    i.status_logo_pool_full  logo_manager.o
    0x080090b8   0x080090b8   0x00000050   Code   RO         6076    i.string_valid_height  display_string.o
    0x08009108   0x08009108   0x00000050   Code   RO         6077    i.string_valid_height_dmm  display_string.o
    0x08009158   0x08009158   0x0000007c   Code   RO         6078    i.string_valid_width  display_string.o
    0x080091d4   0x080091d4   0x00000098   Code   RO         6079    i.string_valid_width_dmm  display_string.o
    0x0800926c   0x0800926c   0x00000018   Code   RO            6    i.sw_module_init    test.o
    0x08009284   0x08009284   0x0000003c   Code   RO         5511    i.tft_clear         display_controller.o
    0x080092c0   0x080092c0   0x000000ac   Code   RO         5512    i.tft_flush         display_controller.o
    0x0800936c   0x0800936c   0x000000f4   Code   RO         5513    i.tft_flush_area    display_controller.o
    0x08009460   0x08009460   0x0000001e   Code   RO          367    i.timers_init       timers.o
    0x0800947e   0x0800947e   0x00000002   PAD
    0x08009480   0x08009480   0x00000044   Code   RO          368    i.timers_model_init  timers.o
    0x080094c4   0x080094c4   0x0000000c   Code   RO         5296    i.tips_timing       display.o
    0x080094d0   0x080094d0   0x00000070   Code   RO          489    i.usart_gpio_init   usart.o
    0x08009540   0x08009540   0x00000054   Code   RO          490    i.usart_init        usart.o
    0x08009594   0x08009594   0x00000026   Code   RO          491    i.usart_nvic_init   usart.o
    0x080095ba   0x080095ba   0x00000008   Code   RO         6081    i.utf8_2byte_fontdata  display_string.o
    0x080095c2   0x080095c2   0x0000001e   Code   RO         6082    i.utf8_3byte_fontdata  display_string.o
    0x080095e0   0x080095e0   0x000000bc   Code   RO         6515    i.value_format      regulator.o
    0x0800969c   0x0800969c   0x00000144   Code   RO         6516    i.value_ud_flip     regulator.o
    0x080097e0   0x080097e0   0x0000004c   Code   RO         6517    i.value_valid_bit_index  regulator.o
    0x0800982c   0x0800982c   0x00000180   Code   RO         6613    i.voltage_level1_key_event  voltage_v.o
    0x080099ac   0x080099ac   0x000000e0   Code   RO         6614    i.voltage_level1_key_event_enable  voltage_v.o
    0x08009a8c   0x08009a8c   0x00000510   Code   RO         6615    i.voltage_level1_menu  voltage_v.o
    0x08009f9c   0x08009f9c   0x00000074   Code   RO         6734    i.vpos_selected     setup.o
    0x0800a010   0x0800a010   0x00000430   Code   RO         5514    i.widget_size_init  display_controller.o
    0x0800a440   0x0800a440   0x0000058c   Data   RO         5298    .constdata          display.o
    0x0800a9cc   0x0800a9cc   0x00000008   Data   RO         5516    .constdata          display_controller.o
    0x0800a9d4   0x0800a9d4   0x00005a20   Data   RO         6264    .constdata          fontlib.o
    0x080103f4   0x080103f4   0x00000094   Data   RO         6392    .constdata          display_menu_content.o
    0x08010488   0x08010488   0x00000088   Data   RO         6949    .constdata          m_wm.l(pow.o)
    0x08010510   0x08010510   0x00000008   Data   RO         7288    .constdata          m_wm.l(qnan.o)
    0x08010518   0x08010518   0x0000015c   Data   RO         6393    .conststring        display_menu_content.o
    0x08010674   0x08010674   0x00000020   Data   RO         7338    Region$$Table       anon$$obj.o


    Execution Region ER_RW (Exec base: 0x20000000, Load base: 0x08010694, Size: 0x00000328, Max: 0xffffffff, ABSOLUTE, COMPRESSED[0x000000f0])

    Exec Addr    Load Addr    Size         Type   Attr      Idx    E Section Name        Object

    0x20000000   COMPRESSED   0x00000001   Data   RW          496    .data               usart.o
    0x20000001   COMPRESSED   0x00000010   Data   RW         3119    .data               stm32f4xx_rcc.o
    0x20000011   COMPRESSED   0x00000003   PAD
    0x20000014   COMPRESSED   0x00000064   Data   RW         5299    .data               display.o
    0x20000078   COMPRESSED   0x000001f4   Data   RW         5517    .data               display_controller.o
    0x2000026c   COMPRESSED   0x00000005   Data   RW         5866    .data               display_show.o
    0x20000271   COMPRESSED   0x00000003   PAD
    0x20000274   COMPRESSED   0x0000000d   Data   RW         6297    .data               key.o
    0x20000281   COMPRESSED   0x00000045   Data   RW         6346    .data               key_controller.o
    0x200002c6   COMPRESSED   0x00000002   PAD
    0x200002c8   COMPRESSED   0x00000008   Data   RW         6519    .data               regulator.o
    0x200002d0   COMPRESSED   0x00000001   Data   RW         6617    .data               voltage_v.o
    0x200002d1   COMPRESSED   0x00000003   PAD
    0x200002d4   COMPRESSED   0x00000050   Data   RW         6735    .data               setup.o
    0x20000324   COMPRESSED   0x00000004   Data   RW         7319    .data               mc_w.l(errno.o)


    Execution Region ER_ZI (Exec base: 0x20000328, Load base: 0x08010784, Size: 0x00015038, Max: 0xffffffff, ABSOLUTE)

    Exec Addr    Load Addr    Size         Type   Attr      Idx    E Section Name        Object

    0x20000328        -       0x00000040   Zero   RW          495    .bss                usart.o
    0x20000368        -       0x00012c00   Zero   RW         5297    .bss                display.o
    0x20012f68        -       0x00000362   Zero   RW         5515    .bss                display_controller.o
    0x200132ca        -       0x0000000c   Zero   RW         5865    .bss                display_show.o
    0x200132d6   0x08010784   0x00000002   PAD
    0x200132d8        -       0x00000088   Zero   RW         6518    .bss                regulator.o
    0x20013360        -       0x00002000   Zero   RW          550    STACK               startup_stm32f40_41xxx.o


==============================================================================

Image component sizes


      Code (inc. data)   RO Data    RW Data    ZI Data      Debug   Object Name

      2644         50       1420        100      76800      19236   display.o
      3704        418          8        500        866      35167   display_controller.o
         0          0        496          0          0        797   display_menu_content.o
     11060        366          0          5         12      23029   display_show.o
      4118        162          0          0          0      24967   display_string.o
         0          0      23072          0          0       2485   fontlib.o
      2196         44          0          0          0       6213   ili9341a.o
       556         34          0         13          0       3794   key.o
       768         20          0         69          0       4599   key_controller.o
       164          0          0          0          0       3072   logo_manager.o
       140         24          0          0          0       1671   misc.o
        44          0          0          0          0        752   nvic.o
      1318        100          0          8        136       9077   regulator.o
       686          6          0          0          0       2083   setting.o
      1802        286          0         80          0      21262   setup.o
        36          8        392          0       8192        832   startup_stm32f40_41xxx.o
       344         16          0          0          0       2133   stm32f4xx_fsmc.o
       240          0          0          0          0       3651   stm32f4xx_gpio.o
       360         42          0         16          0       5368   stm32f4xx_rcc.o
       220         28          0          0          0       4362   stm32f4xx_tim.o
       404          8          0          0          0       4398   stm32f4xx_usart.o
       340         32          0          0          0       1649   system_stm32f4xx.o
        82          4          0          0          0     301533   test.o
        22          0          0          0          0        523   time.o
       126         12          0          0          0       1724   timers.o
       286         22          0          1         64       2678   usart.o
      1904         20          0          1          0       3397   voltage_v.o

    ----------------------------------------------------------------------
     33594       1702      25420        804      86072     490452   Object Totals
         0          0         32          0          0          0   (incl. Generated)
        30          0          0         11          2          0   (incl. Padding)

    ----------------------------------------------------------------------

      Code (inc. data)   RO Data    RW Data    ZI Data      Debug   Library Member Name

       164         44          0          0          0        620   dunder.o
        24          0          0          0          0        124   fabs.o
        48          0          0          0          0        124   fpclassify.o
       248          0          0          0          0        152   poly.o
      3152        296        136          0          0        352   pow.o
         0          0          8          0          0          0   qnan.o
       110          0          0          0          0        148   sqrt.o
        86          0          0          0          0          0   __dczerorl2.o
         0          0          0          0          0          0   entry.o
         0          0          0          0          0          0   entry10a.o
         0          0          0          0          0          0   entry11a.o
         8          4          0          0          0          0   entry2.o
         4          0          0          0          0          0   entry5.o
         0          0          0          0          0          0   entry7b.o
         0          0          0          0          0          0   entry8b.o
         8          4          0          0          0          0   entry9a.o
        12          6          0          4          0         68   errno.o
        30          0          0          0          0          0   handlers.o
        36          8          0          0          0         68   init.o
         0          0          0          0          0          0   iusefp.o
        30          0          0          0          0         68   llshl.o
        36          0          0          0          0         68   llsshr.o
        32          0          0          0          0         68   llushr.o
        36          0          0          0          0        108   memseta.o
      2276         86          0          0          0        520   printfa.o
        18          0          0          0          0         68   strcpy.o
        14          0          0          0          0         68   strlen.o
        44          0          0          0          0         80   uidiv.o
        98          0          0          0          0         92   uldiv.o
        48          0          0          0          0         68   cdcmple.o
        48          0          0          0          0         68   cdrcmple.o
       334          0          0          0          0        148   dadd.o
       222          0          0          0          0        100   ddiv.o
       186          0          0          0          0        176   depilogue.o
        62          0          0          0          0         80   dfixi.o
        50          0          0          0          0         76   dfixui.o
        48          0          0          0          0         68   dfixul.o
        34          0          0          0          0         76   dflti.o
        26          0          0          0          0         76   dfltui.o
       228          0          0          0          0         96   dmul.o
        46          0          0          0          0         80   dscalb.o
       162          0          0          0          0        100   dsqrt.o
        38          0          0          0          0         68   f2d.o

    ----------------------------------------------------------------------
      8062        448        144          4          0       4076   Library Totals
        16          0          0          0          0          0   (incl. Padding)

    ----------------------------------------------------------------------

      Code (inc. data)   RO Data    RW Data    ZI Data      Debug   Library Name

      3746        340        144          0          0       1520   m_wm.l
      2768        108          0          4          0       1276   mc_w.l
      1532          0          0          0          0       1280   mf_w.l

    ----------------------------------------------------------------------
      8062        448        144          4          0       4076   Library Totals

    ----------------------------------------------------------------------

==============================================================================


      Code (inc. data)   RO Data    RW Data    ZI Data      Debug   

     41656       2150      25564        808      86072     468660   Grand Totals
     41656       2150      25564        240      86072     468660   ELF Image Totals (compressed)
     41656       2150      25564        240          0          0   ROM Totals

==============================================================================

    Total RO  Size (Code + RO Data)                67220 (  65.64kB)
    Total RW  Size (RW Data + ZI Data)             86880 (  84.84kB)
    Total ROM Size (Code + RO Data + RW Data)      67460 (  65.88kB)

==============================================================================

